// Jest Snapshot v1, https://goo.gl/fbAQLP

exports[`Должен отобразить кнопки для выбора категории 1`] = `
<ScrollView
  horizontal={true}
  showsHorizontalScrollIndicator={false}
  style={
    Object {
      "display": "flex",
      "flexDirection": "row",
      "marginTop": 30,
    }
  }
>
  <View
    accessible={true}
    isTVSelectable={true}
    onResponderGrant={[Function]}
    onResponderMove={[Function]}
    onResponderRelease={[Function]}
    onResponderTerminate={[Function]}
    onResponderTerminationRequest={[Function]}
    onStartShouldSetResponder={[Function]}
    style={
      Object {
        "opacity": 1,
      }
    }
  >
    <View
      style={
        Object {
          "backgroundColor": "#edeef0",
          "borderRadius": 5,
          "flexDirection": "row",
          "height": 45,
          "justifyContent": "center",
          "marginLeft": 15,
          "width": 140,
        }
      }
    >
      <Text />
      <Text
        style={
          Object {
            "lineHeight": 45,
            "marginLeft": 10,
          }
        }
      >
        Бизнес
      </Text>
    </View>
  </View>
  <View
    accessible={true}
    isTVSelectable={true}
    onResponderGrant={[Function]}
    onResponderMove={[Function]}
    onResponderRelease={[Function]}
    onResponderTerminate={[Function]}
    onResponderTerminationRequest={[Function]}
    onStartShouldSetResponder={[Function]}
    style={
      Object {
        "opacity": 1,
      }
    }
  >
    <View
      style={
        Object {
          "backgroundColor": "#edeef0",
          "borderRadius": 5,
          "flexDirection": "row",
          "height": 45,
          "justifyContent": "center",
          "marginLeft": 15,
          "width": 140,
        }
      }
    >
      <Text />
      <Text
        style={
          Object {
            "lineHeight": 45,
            "marginLeft": 10,
          }
        }
      >
        Игры
      </Text>
    </View>
  </View>
  <View
    accessible={true}
    isTVSelectable={true}
    onResponderGrant={[Function]}
    onResponderMove={[Function]}
    onResponderRelease={[Function]}
    onResponderTerminate={[Function]}
    onResponderTerminationRequest={[Function]}
    onStartShouldSetResponder={[Function]}
    style={
      Object {
        "opacity": 1,
      }
    }
  >
    <View
      style={
        Object {
          "backgroundColor": "#edeef0",
          "borderRadius": 5,
          "flexDirection": "row",
          "height": 45,
          "justifyContent": "center",
          "marginLeft": 15,
          "width": 140,
        }
      }
    >
      <Text />
      <Text
        style={
          Object {
            "lineHeight": 45,
            "marginLeft": 10,
          }
        }
      >
        Детские
      </Text>
    </View>
  </View>
  <View
    accessible={true}
    isTVSelectable={true}
    onResponderGrant={[Function]}
    onResponderMove={[Function]}
    onResponderRelease={[Function]}
    onResponderTerminate={[Function]}
    onResponderTerminationRequest={[Function]}
    onStartShouldSetResponder={[Function]}
    style={
      Object {
        "opacity": 1,
      }
    }
  >
    <View
      style={
        Object {
          "backgroundColor": "#edeef0",
          "borderRadius": 5,
          "flexDirection": "row",
          "height": 45,
          "justifyContent": "center",
          "marginLeft": 15,
          "width": 140,
        }
      }
    >
      <Text />
      <Text
        style={
          Object {
            "lineHeight": 45,
            "marginLeft": 10,
          }
        }
      >
        Путешествия
      </Text>
    </View>
  </View>
  <View
    accessible={true}
    isTVSelectable={true}
    onResponderGrant={[Function]}
    onResponderMove={[Function]}
    onResponderRelease={[Function]}
    onResponderTerminate={[Function]}
    onResponderTerminationRequest={[Function]}
    onStartShouldSetResponder={[Function]}
    style={
      Object {
        "opacity": 1,
      }
    }
  >
    <View
      style={
        Object {
          "backgroundColor": "#edeef0",
          "borderRadius": 5,
          "flexDirection": "row",
          "height": 45,
          "justifyContent": "center",
          "marginLeft": 15,
          "width": 140,
        }
      }
    >
      <Text />
      <Text
        style={
          Object {
            "lineHeight": 45,
            "marginLeft": 10,
          }
        }
      >
        Авто
      </Text>
    </View>
  </View>
</ScrollView>
`;
